
[1mpinto[0m


[1mdashgrid[0m


[1mtemplate-generator[0m


All projects synced
┌────────────────────┬──────────────────────────────────────────────────────────────────┐
│ Project            │ Output                                                           │
├────────────────────┼──────────────────────────────────────────────────────────────────┤
│ template-generator │ /home/test/test/tmp/golden/exec/filter-on-cwd/template-generator │
└────────────────────┴──────────────────────────────────────────────────────────────────┘
