[32mâœ“[0m synced [1mtap-report[0m
[32mâœ“[0m synced [1mdashgrid[0m
[32mâœ“[0m synced [1mtemplate-generator[0m
[32mâœ“[0m synced [1mtpm[0m

[1;34mtap-report[0m

