┌──────────┬────────────────┬─────────────┐
│ NAME     │ TAGS           │ DESCRIPTION │
├──────────┼────────────────┼─────────────┤
│ pinto    │ frontend       │             │
│ dashgrid │ frontend, misc │             │
└──────────┴────────────────┴─────────────┘
