Initialized empty Git repository in /home/test/test/tmp/golden/init/auto-discovery/tap-report/.git/
Initialized empty Git repository in /home/test/test/tmp/golden/init/auto-discovery/nested/template-generator/.git/
Initialized empty Git repository in /home/test/test/tmp/golden/init/auto-discovery/.git/
[32mâœ“[0m Initialized mani repository in /home/test/test/tmp/golden/init/auto-discovery
