[K| Cloning[K[32m✓[0m [1mexample[0m
[32m✓[0m [1mpinto[0m
[32m✓[0m [1mdashgrid[0m
[32m✓[0m [1mtemplate-generator[0m

All projects synced
┌─────────┬────────┐
│ Project │ Output │
├─────────┼────────┤
│ pinto   │ empty  │
└─────────┴────────┘
