┌──────────┬──────────┐
│ name     │ projects │
├──────────┼──────────┤
│ frontend │ pinto    │
│          │ dashgrid │
│ misc     │ dashgrid │
└──────────┴──────────┘
