[32mâœ“[0m Initialized mani repository in /home/test/test/tmp/golden/init/empty
