Name:         pinto                              
Path:         frontend/pinto                     
Description:                                     
Url:          https://github.com/alajmo/pinto    
Tags:         frontend                           
                                               
                                               
Name:         dashgrid                           
Path:         frontend/dashgrid                  
Description:                                     
Url:          https://github.com/alajmo/dashgrid 
Tags:         frontend, misc                     
                                               
