[K| syncing [1mpinto[0m[Kâœ“ synced [1mpinto[0m
[K| syncing [1mdashgrid[0m[Kâœ“ synced [1mdashgrid[0m
[K| syncing [1mtemplate-generator[0m[Kâœ“ synced [1mtemplate-generator[0m
All projects synced
Name:         pwd   
Description:        
Shell:        sh -c 
Args:               
Command:      pwd   
                  

[1;34mexample[0m
/home/test/test/tmp/golden/run/all


[1;34mpinto[0m
/home/test/test/tmp/golden/run/all/frontend/pinto


[1;34mdashgrid[0m
/home/test/test/tmp/golden/run/all/frontend/dashgrid


[1;34mtemplate-generator[0m
/home/test/test/tmp/golden/run/all/template-generator

