[K| syncing [1mpinto[0m[Kâœ“ synced [1mpinto[0m
[K| syncing [1mdashgrid[0m[Kâœ“ synced [1mdashgrid[0m
[K| syncing [1mtemplate-generator[0m[Kâœ“ synced [1mtemplate-generator[0m
All projects synced

[1;34mexample[0m
frontend
mani.yaml
template-generator


[1;34mpinto[0m
empty


[1;34mdashgrid[0m
empty


[1;34mtemplate-generator[0m
empty

