Index: 7
Name: Should run on default projects
WantErr: false
Cmd:
mani sync
mani run -o table default-projects


---

Project [pinto]


Project [dashgrid]


Project [template-generator]


 Project            | Synced 
--------------------+--------
 example            | ✓      
 pinto              | ✓      
 dashgrid           | ✓      
 template-generator | ✓      


 Project  | Default-Projects                                          
----------+-----------------------------------------------------------
 dashgrid | /home/test/test/tmp/golden/run/golden-7/frontend/dashgrid 

