Index: 6
Name: Describe 1 project
WantErr: false
Cmd:
mani describe projects pinto

---

Name: pinto
Path: frontend/pinto
Description: 
Url: https://github.com/alajmo/pinto
Sync: true
Tags: frontend

