Name:         pinto                           
Path:         frontend/pinto                  
Description:                                  
Url:          https://github.com/alajmo/pinto 
Tags:         frontend                        
                                            
