Index: 1
Name: List 0 projects on non-existent tag
WantErr: true
Cmd:
mani list projects --tags lala

---
error: cannot find tags `lala`
