
[1mpinto[0m


[1mdashgrid[0m


[1mtemplate-generator[0m


All projects synced
┌────────────────────┬──────────────────────────────────────────────────────────────────────┐
│ Project            │ pwd                                                                  │
├────────────────────┼──────────────────────────────────────────────────────────────────────┤
│ template-generator │ /home/test/test/tmp/golden/run/1-project-flag-cwd/template-generator │
└────────────────────┴──────────────────────────────────────────────────────────────────────┘
