┌─ frontend
│  ├─ pinto
│  └─ dashgrid
└─ template-generator

