
[1m Project  [0m[2m|[0m[1m Tag            [0m
[2m----------[0m[2m+[0m[2m----------------[0m
 dashgrid [2m|[0m frontend, misc 

