Index: 4
Name: Describe projects matching 1 tag
WantErr: false
Cmd:
mani describe projects --tags frontend

---

Name: pinto
Path: frontend/pinto
Description: 
Url: https://github.com/alajmo/pinto
Sync: true
Tags: frontend

--

Name: dashgrid
Path: frontend/dashgrid
Description: 
Url: https://github.com/alajmo/dashgrid
Sync: true
Tags: frontend, misc

