
[1mProject[0m [[1mpinto[0m]


[1mProject[0m [[1mdashgrid[0m]


[1mProject[0m [[1mtemplate-generator[0m]


[1m Project            [0m[2m|[0m[1m Synced [0m
[2m--------------------[0m[2m+[0m[2m--------[0m
 example            [2m|[0m [32mâœ“[0m      
 pinto              [2m|[0m [32mâœ“[0m      
 dashgrid           [2m|[0m [32mâœ“[0m      
 template-generator [2m|[0m [32mâœ“[0m      


[1m Project  [0m[2m|[0m[1m Output [0m
[2m----------[0m[2m+[0m[2m--------[0m
 pinto    [2m|[0m empty  
 dashgrid [2m|[0m empty  

