┌───────┬──────────┬─────────────┐
│ NAME  │ TAGS     │ DESCRIPTION │
├───────┼──────────┼─────────────┤
│ pinto │ frontend │             │
└───────┴──────────┴─────────────┘
