[32mâœ“[0m synced [1mpinto[0m
[32mâœ“[0m synced [1mdashgrid[0m
[32mâœ“[0m synced [1mtemplate-generator[0m
[1mCommand:[0m
pwd

[1;34mtemplate-generator[0m
/home/test/test/tmp/golden/run/filter-on-cwd/template-generator

