fatal: "/home/test/test/tmp/golden/init/existing" is already a mani directory
