Index: 3
Name: Describe all projects
WantErr: false
Cmd:
mani describe projects

---

Name: example
Path: .
Description: 
Url: 
Sync: true

--

Name: pinto
Path: frontend/pinto
Description: 
Url: https://github.com/alajmo/pinto
Sync: true
Tags: frontend

--

Name: dashgrid
Path: frontend/dashgrid
Description: 
Url: https://github.com/alajmo/dashgrid
Sync: true
Tags: frontend, misc

--

Name: template-generator
Path: template-generator
Description: 
Url: https://github.com/alajmo/template-generator
Sync: true
Tags: cli
Env: 
    branch: master

