Version: dev       
Commit: none      
Date: n/a       
