projects:
  - name: example
    path: .

  - name: tap-report
    path: frontend/tap-report
    url: https://github.com/alajmo/tap-report
    tags:
      - frontend

  - name: dashgrid
    path: frontend/dashgrid/../dashgrid
    url: https://github.com/alajmo/dashgrid
    tags:
      - frontend
      - misc

  - name: template-generator
    url: https://github.com/alajmo/template-generator

  - name: tpm
    description: Tmux and related plugins
    path: $HOME/tmp/tmux/plugins/tpm
    url: https://github.com/tmux-plugins/tpm
    tags:
      - tmux
      - plugin
