Name:  dashgrid                           
Path:  frontend/dashgrid                  
Desc:                                     
Url:   https://github.com/alajmo/dashgrid 
Tags:  frontend, misc                     
                                        
